// Jest Snapshot v1, https://goo.gl/fbAQLP

exports[`singleBooking query should return valid fields 1`] = `
Object {
  "data": Object {
    "singleBooking": Object {
      "assets": Object {
        "ticketUrl": "https://skypicker-mailing.s3.amazonaws.com/2707/1490859068_E-ticket_passenger_and_1_more_e826fc3275a65a5db8808279d8fc7f8f.pdf?v=1490859069",
      },
      "bookingDate": "2017-03-30",
      "destinationImageUrl": "https://images.kiwi.com/photos/600x600/paris_fr.grayscale.jpg",
      "directAccessURL": "https://kiwi.com/content/manage/2707251/b206db64-718f-4608-babb-0b8abe6e1b9d",
      "id": "Qm9va2luZ09uZVdheToyNzA3MjUx",
      "passengerCount": 2,
      "passengers": Array [
        Object {
          "nationality": "us",
        },
        Object {
          "nationality": "us",
        },
      ],
      "price": Object {
        "amount": 74.61,
        "currency": "USD",
      },
    },
  },
}
`;
