// Jest Snapshot v1, https://goo.gl/fbAQLP

exports[`Leg type should have valid fields 1`] = `
Object {
  "airline": Object {
    "args": Array [],
    "isDeprecated": false,
    "name": "airline",
    "resolve": [Function],
    "type": "Airline",
  },
  "arrival": Object {
    "args": Array [],
    "isDeprecated": false,
    "name": "arrival",
    "resolve": [Function],
    "type": "RouteStop",
  },
  "boardingPass": Object {
    "args": Array [],
    "description": "Boarding pass for this leg",
    "isDeprecated": false,
    "name": "boardingPass",
    "resolve": [Function],
    "type": "BoardingPass",
  },
  "departure": Object {
    "args": Array [],
    "isDeprecated": false,
    "name": "departure",
    "resolve": [Function],
    "type": "RouteStop",
  },
  "duration": Object {
    "args": Array [],
    "description": "Leg duration in minutes.",
    "isDeprecated": false,
    "name": "duration",
    "resolve": [Function],
    "type": "Int",
  },
  "flightNumber": Object {
    "args": Array [],
    "isDeprecated": false,
    "name": "flightNumber",
    "resolve": [Function],
    "type": "Int",
  },
  "guarantee": Object {
    "args": Array [],
    "description": "Information about who covers the transfer",
    "isDeprecated": false,
    "name": "guarantee",
    "resolve": [Function],
    "type": "CoveredBy",
  },
  "id": Object {
    "args": Array [],
    "description": "The ID of an object",
    "isDeprecated": false,
    "name": "id",
    "resolve": [Function],
    "type": "ID!",
  },
  "isReturn": Object {
    "args": Array [],
    "description": "Determines whether Leg is related to return flight.",
    "isDeprecated": false,
    "name": "isReturn",
    "resolve": [Function],
    "type": "Boolean",
  },
  "recheckRequired": Object {
    "args": Array [],
    "isDeprecated": false,
    "name": "recheckRequired",
    "resolve": [Function],
    "type": "Boolean",
  },
  "type": Object {
    "args": Array [],
    "isDeprecated": false,
    "name": "type",
    "resolve": [Function],
    "type": "VehicleType",
  },
}
`;

exports[`boardingPass resolver returns correct value 1`] = `
Object {
  "boardingPassUrl": "https://very.real/boarding_pass.pdf",
  "flightNumber": "32432424",
}
`;
