// Jest Snapshot v1, https://goo.gl/fbAQLP

exports[`FAQCategory should return ancestors for FAQ category 1`] = `
Object {
  "data": Object {
    "FAQCategory": Object {
      "FAQs": Array [
        Object {
          "id": "RkFRQXJ0aWNsZTo0MQ==",
          "title": "Cabin baggage",
        },
        Object {
          "id": "RkFRQXJ0aWNsZTo0Mw==",
          "title": "Checked baggage",
        },
        Object {
          "id": "RkFRQXJ0aWNsZTo0Nw==",
          "title": "Do I have to recheck my baggage?",
        },
        Object {
          "id": "RkFRQXJ0aWNsZTo1MA==",
          "title": "Flights with cabin baggage only",
        },
        Object {
          "id": "RkFRQXJ0aWNsZTo0Mg==",
          "title": "Personal item",
        },
        Object {
          "id": "RkFRQXJ0aWNsZToxNDI=",
          "title": "Baggage",
        },
        Object {
          "id": "RkFRQXJ0aWNsZToxNDc=",
          "title": "Manage My Booking",
        },
      ],
      "ancestors": Array [
        Object {
          "id": "RkFRQ2F0ZWdvcnk6Nzc=",
          "subcategories": Array [
            Object {
              "id": "RkFRQ2F0ZWdvcnk6ODg=",
              "title": "Baggage",
            },
            Object {
              "id": "RkFRQ2F0ZWdvcnk6ODc=",
              "title": "Travelling",
            },
            Object {
              "id": "RkFRQ2F0ZWdvcnk6ODM=",
              "title": "Additional services",
            },
            Object {
              "id": "RkFRQ2F0ZWdvcnk6ODQ=",
              "title": "Documents & planning",
            },
            Object {
              "id": "RkFRQ2F0ZWdvcnk6ODY=",
              "title": "Changes & cancellations",
            },
          ],
          "title": "After booking",
        },
      ],
      "id": "RkFRQ2F0ZWdvcnk6ODg=",
      "title": "Baggage",
    },
  },
}
`;

exports[`FAQCategory should return error for non-existing category 1`] = `
Object {
  "data": Object {
    "FAQCategory": null,
  },
  "errors": Array [
    [GraphQLError: No FAQ category found with ID RkFRQ2F0ZWdvcnk6NjY2],
  ],
}
`;

exports[`FAQCategory should return single FAQ category 1`] = `
Object {
  "data": Object {
    "FAQCategory": Object {
      "FAQs": Array [],
      "id": "RkFRQ2F0ZWdvcnk6NzY=",
      "originalId": 47,
      "subcategories": Array [
        Object {
          "id": "RkFRQ2F0ZWdvcnk6ODk=",
        },
        Object {
          "id": "RkFRQ2F0ZWdvcnk6OTA=",
        },
        Object {
          "id": "RkFRQ2F0ZWdvcnk6OTE=",
        },
        Object {
          "id": "RkFRQ2F0ZWdvcnk6OTI=",
        },
        Object {
          "id": "RkFRQ2F0ZWdvcnk6OTM=",
        },
      ],
      "title": "Before booking",
    },
  },
}
`;
